# *****************************************************************************
# DEFINICIÓN DEL MAPA
# *****************************************************************************
MAP
  
  # ============================================================================= 
  # A.- SECCIÓN DE DEFINICIONES GENERALES DEL MAPA
  # =============================================================================
  
  CONFIG "MS_ERRORFILE" "/ms4w/tmp/errores.txt"
  DEBUG OFF
  EXTENT 449094 4059635 463757 4073442
  UNITS METERS
  SIZE 600 500
  SHAPEPATH "../../data/shapefiles/"
  SYMBOLSET "../config-particular/symbols/simbolicos.sym"
  FONTSET "../common/fonts/msfontset.txt"
  RESOLUTION 96
  IMAGETYPE PNG
  INTERLACE OFF
  IMAGECOLOR 0 0 0
  
  # *****************************************************************************
  # DEFINICIÓN DE LA PROYECCIÓN GENERAL DEL MAPA TOTAL - NO DEFINIDA
  # *****************************************************************************
  PROJECTION
    #
  END
  
  # *****************************************************************************
  # DEFINICIÓN DE LA INTERFAZ WEB
  # *****************************************************************************
  WEB
    MINSCALEDENOM 450
    TEMPLATE "map.html"
    IMAGEPATH "/ms4w/tmp/ms_tmp/"
    IMAGEURL "/ms_tmp/"
    METADATA
      "MAPFILE_ENCODING" "UTF-8"
    END
  END
  
  # *****************************************************************************
  # DEFINICIÓN DEL MAPA DE REFERENCIA - NO USADO
  # *****************************************************************************
  REFERENCE
    STATUS OFF
	IMAGE "../../images/mapa_referencia.png"
	SIZE 218 113
	EXTENT 449094 4059635 463757 4073442
  END
  
  # *****************************************************************************
  # DEFINICIÓN DE LA LEYENDA - NO USADA
  # *****************************************************************************
  LEGEND
    STATUS OFF
  END
  
  # *****************************************************************************
  # DEFINICIÓN DE LA BARRA DE ESCALA - NO USADA
  # *****************************************************************************
  SCALEBAR
    STATUS OFF
  END
  
  # *****************************************************************************
  # DEFINICIÓN DE LOS SÍMBOLOS BASE NECESARIOS Y OLBIGATORIOS EN P.MAPPER
  # *****************************************************************************
  SYMBOL
    NAME 'circle'
    TYPE ELLIPSE
    FILLED TRUE
    POINTS
      1 1
    END
  END
  
  SYMBOL
    NAME 'square'
    TYPE VECTOR
    FILLED TRUE
    POINTS
      0 1
      0 0
      1 0
      1 1
      0 1
    END
  END
  
  # ============================================================================= 
  # B.- SECCIÓN DE DEFINICIONES DE LAS CAPAS DEL MAPA
  # =============================================================================
  
  # ----------------------------------------------------------------------------- 
  # B.1- SECCIÓN DE DEFINICIONES DE LAS CAPAS BASE DEL MAPA
  # -----------------------------------------------------------------------------
  
  # *****************************************************************************
  # DEFINICIÓN DE CAPA BASE - ORTOFOTO DEL TÉRMINO MUNICIPAL EN FORMATO 'ECW'
  # *****************************************************************************
  LAYER
    NAME "base"
    TYPE RASTER
    STATUS ON
    DATA "../ortofotos/motril_etrs89.ecw"
    MINSCALE 450
    PROJECTION
      "init=epsg:3042"
    END
  END
  
  # ----------------------------------------------------------------------------- 
  # B.2- SECCIÓN DE DEFINICIONES DE LAS CAPAS DE ZONAS DEL MAPA (POLÍGONOS)
  # -----------------------------------------------------------------------------
  
  # *****************************************************************************
  # DEFINICIÓN DE CAPA - DIVISIÓN EN DISTRITOS DEL TÉRMINO MUNICIPAL EN FORMATO 'SHP'
  # *****************************************************************************
  LAYER
    NAME "distritos"
    TYPE POLYGON
    STATUS ON
    DATA "DISTRITOS.shp"
    TEMPLATE VOID
    PROJECTION
      "init=epsg:3042"
    END
    METADATA
      "DESCRIPTION" "Distritos"
      "RESULT_FIELDS" "N1"
      "RESULT_HEADERS" "Distrito"
      "ows_title" "Distritos"
    END
    CLASS
      NAME "Distrito 1"
	  EXPRESSION ('[N1]' = "1")
      STYLE
        COLOR 120 0 0
        OPACITY 10
      END
      STYLE
        OPACITY 100
        OUTLINECOLOR 120 120 120
        WIDTH 3.0
      END
    END
    CLASS
      NAME "Distrito 2"
	  EXPRESSION ('[N1]' = "2")
      STYLE
        COLOR 120 120 0
        OPACITY 10
      END
      STYLE
        OPACITY 100
        OUTLINECOLOR 120 120 120
        WIDTH 3.0
      END
    END
    CLASS
      NAME "Distrito 3"
	  EXPRESSION ('[N1]' = "3")
      STYLE
        COLOR 0 120 120
        OPACITY 10
      END
      STYLE
        OPACITY 100
        OUTLINECOLOR 120 120 120
        WIDTH 3.0
      END
    END
    CLASS
      NAME "Distrito 4"
	  EXPRESSION ('[N1]' = "4")
      STYLE
        COLOR 0 0 120
        OPACITY 10
      END
      STYLE
        OPACITY 100
        OUTLINECOLOR 120 120 120
        WIDTH 3.0
      END
    END
    CLASS
      NAME "Distrito 5"
	  EXPRESSION ('[N1]' = "5")
      STYLE
        COLOR 120 0 120
        OPACITY 10
      END
      STYLE
        OPACITY 100
        OUTLINECOLOR 120 120 120
        WIDTH 3.0
      END
    END
  END
  
  # *****************************************************************************
  # DEFINICIÓN DE CAPA - ZONAS VERDES DE LOS JARDINES EN FORMATO 'SHP'
  # *****************************************************************************
  LAYER
    NAME "zonas"
    TYPE POLYGON
    STATUS ON
    DATA "ZONAS.shp"
    TEMPLATE VOID
    PROJECTION
      "init=epsg:3042"
    END
    METADATA
      "DESCRIPTION" "Zonas verdes"
      "RESULT_FIELDS" "COD_ZONA, NOMB_ZONA, NOMB_JARD, VIA, SUPERF, TIPOLO_SUP, TELECONTRO, TIPO_RIEGO"
      "RESULT_HEADERS" "Código de la zona, Nombre de la zona, Nombre del jardín, Lugar, Superficie, Tipología de superficie, Telecontrol, Tipo de riego"
      "ows_title" "Zonas verdes"
    END
    CLASS
      NAME "Zonas verdes"
      STYLE
        COLOR 0 200 0
        OPACITY 40
        OUTLINECOLOR 0 0 0
      END
    END
  END
  
  # *****************************************************************************
  # DEFINICIÓN DE CAPA - ZONAS DE ALBERO DE LOS JARDINES EN FORMATO 'SHP'
  # *****************************************************************************
  LAYER
    NAME "albero"
    TYPE POLYGON
    STATUS ON
    DATA "ALVEROS.shp"
    TEMPLATE VOID
    PROJECTION
      "init=epsg:3042"
    END
    METADATA
      "DESCRIPTION" "Zona de albero"
      "RESULT_FIELDS" "COD_ZONA, NOMB_ZONA, NOMB_JARD, VIA, SUPERF"
      "RESULT_HEADERS" "Código de la zona, Nombre de la zona, Nombre del jardín, Lugar, Superficie"
	  "ows_title" "Zona de albero"
    END
    CLASS
      NAME "Zona de albero"
      STYLE
        COLOR 250 200 50
	    OPACITY 40
        OUTLINECOLOR 0 0 0
      END
    END
  END
  
  # *****************************************************************************
  # DEFINICIÓN DE CAPA - ZONAS DE FLORES DE LOS JARDINES EN FORMATO 'SHP'
  # *****************************************************************************
  LAYER
    NAME "flores"
    TYPE POLYGON
    STATUS ON
    DATA "FLOR TEMPORADA.shp"
    TEMPLATE VOID
    PROJECTION
      "init=epsg:3042"
    END
    METADATA
      "DESCRIPTION" "Macizos florales"
      "RESULT_FIELDS" "COD_ZONA, SUP, FLOR_TEMP"
      "RESULT_HEADERS" "Código de la zona, Superficie, Flor de temporada"
	  "ows_title" "Macizos florales"
    END
    CLASS
      NAME "Macizos florales"
      STYLE
        COLOR 140 0 0
	    OPACITY 80
        OUTLINECOLOR 0 0 0
      END
    END
  END
  
  # *****************************************************************************
  # DEFINICIÓN DE CAPA - ZONAS DE MASAS ARBUSTIVAS DE LOS JARDINES EN FORMATO 'SHP'
  # *****************************************************************************
  LAYER
    NAME "masas_arbustos"
    TYPE POLYGON
    STATUS ON
    DATA "MASA ARBUSTIVA.shp"
    TEMPLATE VOID
    PROJECTION
      "init=epsg:3042"
    END
    METADATA
      "DESCRIPTION" "Masas arbustivas"
      "RESULT_FIELDS" "CIENTIFICO, NOM_COMUN, FECHA_PLAN, COD_ZONA, VIA"
      "RESULT_HEADERS" "Nombre científico, Nombre común, Fecha de plantación, Código de la zona, Lugar"
	  "ows_title" "Masas arbustivas"
    END
    CLASS
      NAME "Masas arbustivas"
      STYLE
        COLOR 0 40 10
	    OPACITY 80
        OUTLINECOLOR 150 150 150
      END
    END
  END
  
  # *****************************************************************************
  # DEFINICIÓN DE CAPA - ÁREAS DE PARQUES Y JARDINES EN FORMATO 'SHP'
  # *****************************************************************************
  LAYER
    NAME "jardines"
    TYPE POLYGON
    STATUS ON
    DATA "JARDIN.shp"
    TEMPLATE VOID
    PROJECTION
      "init=epsg:3042"
    END
    METADATA
      "DESCRIPTION" "Jardines"
      "RESULT_FIELDS" "NOMB_JARD, SUP_JARD, SUP_TOT_ZO, DISTRITO, TIPO_JARD, VIA"
      "RESULT_HEADERS" "Nombre del jardín, Superficie del jardín, Superficie total de las zonas, Distrito, Tipo de jardín, Lugar"
      "ows_title" "Jardines"
    END
    CLASS
      NAME "Jardines"
      STYLE
        COLOR 0 80 0
        OPACITY 20
      END
      STYLE
        OPACITY 100
        OUTLINECOLOR 250 250 250
        WIDTH 2.0
      END
    END
  END
  
  # ----------------------------------------------------------------------------- 
  # B.3- SECCIÓN DE DEFINICIONES DE LAS CAPAS DE FLORA DEL MAPA (LÍNEAS)
  # -----------------------------------------------------------------------------
  
  # *****************************************************************************
  # DEFINICIÓN DE CAPA - LOCALIZACIÓN Y TIPOS DE LOS SETOS EN FORMATO 'SHP'
  # *****************************************************************************
  LAYER
    NAME "setos"
    TYPE LINE
    STATUS ON
    DATA "SETO.shp"
    TEMPLATE VOID
    PROJECTION
      "init=epsg:3042"
    END
    METADATA
      "DESCRIPTION" "Setos"
      "RESULT_FIELDS" "CIENTIFICO, COMUN, COD_ZONA, FECHA_PLAN, LONGITUD, VIA"
      "RESULT_HEADERS" "Nombre científico, Nombre común, Código de la zona, Fecha de plantación, Longitud del seto, Lugar"
      "ows_title" "Setos"
    END
    CLASS
      NAME "Setos"
      STYLE
        COLOR 0 50 0
        OPACITY 100
        WIDTH 4.0
      END
    END
  END
  
  # ----------------------------------------------------------------------------- 
  # B.4- SECCIÓN DE DEFINICIONES DE LAS CAPAS DE FLORA DEL MAPA (PUNTOS)
  # -----------------------------------------------------------------------------
  
  # *****************************************************************************
  # DEFINICIÓN DE CAPA - LOCALIZACIÓN Y TIPOS DE LOS ÁRBOLES EN FORMATO 'SHP'
  # *****************************************************************************	
  LAYER
    NAME "arboles"
    TYPE POINT
    STATUS ON
    DATA "ARBOLES.shp"
    TEMPLATE VOID
	LABELITEM "COMUN"
    PROJECTION
      "init=epsg:3042"
    END
    METADATA
      "DESCRIPTION" "Árboles"
      "RESULT_FIELDS" "CIENTIFICO, COMUN, FENLOGIA, EJEMPLAR, ENFERMO, COD_ZONA, FECHA_PLAN, VIA"
      "RESULT_HEADERS" "Nombre científico, Nombre común, Fenología, Ejemplar, Enfermo, Código de la zona, Fecha de plantación, Lugar"
      "RESULT_HYPERLINK" "COMUN"
      "LAYER_ENCODING" "UTF-8"
      "ows_title" "Árboles"
    END
    CLASS
      NAME "Árboles"
      STYLE
        SYMBOL 'imagen_arbolicos'
        SIZE 14
      END
    END
  END
  
  # *****************************************************************************
  # DEFINICIÓN DE CAPA - LOCALIZACIÓN Y TIPOS DE LAS PALMERAS EN FORMATO 'SHP'
  # *****************************************************************************	
  LAYER
    NAME "palmeras"
    TYPE POINT
    STATUS ON
    DATA "PALMERAS.shp"
    TEMPLATE VOID
    PROJECTION
      "init=epsg:3042"
    END
    METADATA
      "DESCRIPTION" "Palmeras"
      "RESULT_FIELDS" "CIENTIFICO, COMUN, FENLOGIA, EJEMPLAR, ENFERMO, COD_ZONA, FECHA_PLAN, VIA"
      "RESULT_HEADERS" "Nombre científico, Nombre común, Fenología, Ejemplar, Enfermo, Código de la zona, Fecha de plantación, Lugar"
      "ows_title" "Palmeras"
    END
    CLASS
      NAME "Palmeras"
      STYLE
        SYMBOL 'imagen_palmericas'
        SIZE 16
      END
    END
  END
  
  # *****************************************************************************
  # DEFINICIÓN DE CAPA - LOCALIZACIÓN Y TIPOS DE LOS ARBUSTOS EN FORMATO 'SHP'
  # *****************************************************************************	
  LAYER
    NAME "arbustos"
    TYPE POINT
    STATUS ON
    DATA "ARBUSTOS.shp"
    TEMPLATE VOID
    PROJECTION
      "init=epsg:3042"
    END
    METADATA
      "DESCRIPTION" "Arbustos"
      "RESULT_FIELDS" "CIENTIFICO, COMUN, FENLOGIA, EJEMPLAR, ENFERMO, COD_ZONA, FECHA_PLAN, VIA"
      "RESULT_HEADERS" "Nombre científico, Nombre común, Fenología, Ejemplar, Enfermo, Código de la zona, Fecha de plantación, Lugar"
      "ows_title" "Arbustos"
    END
    CLASS
      NAME "Arbustos"
      STYLE
        SYMBOL 'imagen_arbusticos'
        SIZE 12
      END
    END
  END
  
  # *****************************************************************************
  # FIN DE LA DEFINICIÓN DEL MAPA
  # *****************************************************************************
END
