################################################################################################ 
# Adapt settings in map file <tt>pmapper_demo.map</tt> for the following tags to match settings
# on your machine (see additionally MapServer documentation for detailed information):
#
#  MAP
#    SHAPEPATH 
#    FONTSET
#    SYMBOLSET
#  
#  WEB
#    IMAGEPATH  
#    IMAGEURL    
#
##################################################################################################

# *****************************************************************************
# DEFINICIÓN DEL MAPA
# *****************************************************************************
MAP
  
  # ============================================================================= 
  # A.- SECCIÓN DE DEFINICIONES GENERALES DEL MAPA
  # =============================================================================
  
  CONFIG "MS_ERRORFILE" "/ms4w/tmp/errores.txt"
  DEBUG ON
  EXTENT 449094 4059635 463757 4073442
  UNITS METERS
  SIZE 600 500
  SHAPEPATH "../../data/shapefiles/"
  SYMBOLSET "../config-particular/symbols/simbolicos.sym"
  FONTSET "../common/fonts/msfontset.txt"
  RESOLUTION 96
  IMAGETYPE PNG
  INTERLACE OFF
  IMAGECOLOR 210 210 210
  
  # *****************************************************************************
  # DEFINICIÓN DE LA PROYECCIÓN GENERAL DEL MAPA TOTAL - NO DEFINIDA
  # *****************************************************************************
  PROJECTION
    #
  END
  
  # *****************************************************************************
  # DEFINICIÓN DE LA INTERFAZ WEB
  # *****************************************************************************
  WEB
    MINSCALEDENOM 1000
    TEMPLATE "map.html"
    IMAGEPATH "/ms4w/tmp/ms_tmp/"
    IMAGEURL "/ms_tmp/"
    METADATA
      "MAPFILE_ENCODING" "UTF-8"
    END
  END
  
  # *****************************************************************************
  # DEFINICIÓN DEL MAPA DE REFERENCIA - NO USADO
  # *****************************************************************************
  REFERENCE
    STATUS OFF
	IMAGE "../../images/mapa_referencia.png"
	SIZE 218 113
	EXTENT 449094 4059635 463757 4073442
  END
  
  # *****************************************************************************
  # DEFINICIÓN DE LA LEYENDA - NO USADA
  # *****************************************************************************
  LEGEND
    STATUS OFF
    #IMAGECOLOR 255 255 255
    #OUTLINECOLOR 0 0 0
    #POSITION ll
    #KEYSIZE 18 12
    #KEYSPACING 10 5
    #TEMPLATE "void"
    #LABEL
        #TYPE TRUETYPE
        #FONT "FreeSans"
        #SIZE SMALL
        #POSITION AUTO
        #COLOR 0 0 90
        #OUTLINECOLOR 255 255 255
        #ANTIALIAS TRUE
    #END
  END
  
  # *****************************************************************************
  # DEFINICIÓN DE LA BARRA DE ESCALA - NO USADA
  # *****************************************************************************
  SCALEBAR
    STATUS OFF
    #ALIGN CENTER
    #TRANSPARENT ON
    #INTERVALS 4
    #SIZE 220 30
    #UNITS METERS
    #COLOR 250 250 250
    #OUTLINECOLOR 0 0 0
    #BACKGROUNDCOLOR 100 100 100
    #STYLE 0
    #POSTLABELCACHE TRUE
    #LABEL
      #COLOR 0 0 90
      #OUTLINECOLOR 200 200 200
      #SIZE TINY
    #END
  END
  
  # *****************************************************************************
  # DEFINICIÓN DE LOS SÍMBOLOS BASE NECESARIOS Y OLBIGATORIOS EN P.MAPPER
  # *****************************************************************************
  SYMBOL
    NAME 'circle'
    TYPE ELLIPSE
    FILLED TRUE
    POINTS
      1 1
    END
  END
  
  SYMBOL
    NAME 'square'
    TYPE VECTOR
    FILLED TRUE
    POINTS
      0 1
      0 0
      1 0
      1 1
      0 1
    END
  END
  
  # ============================================================================= 
  # B.- SECCIÓN DE DEFINICIONES DE LAS CAPAS DEL MAPA
  # =============================================================================
  
  # *****************************************************************************
  # DEFINICIÓN DE CAPA BASE - ORTOFOTO DEL TÉRMINO MUNICIPAL EN FORMATO 'ECW'
  # *****************************************************************************
  LAYER
    NAME "base"
    TYPE RASTER
    STATUS ON
    DATA "../ortofotos/motril_etrs89.ecw"
    MINSCALE 1000
    PROJECTION
      "init=epsg:3042"
    END
    METADATA
      #
    END
  END
  
  # *****************************************************************************
  # DEFINICIÓN DE CAPA - CONTORNOS DE LOS JARDINES EN FORMATO 'SHP'
  # *****************************************************************************
  LAYER
		NAME "jardines"
		TYPE LINE
		STATUS ON
		DATA "JARDIN.shp"
		TEMPLATE void
		PROJECTION
			#"init=epsg:4326"
			"+proj=longlat +ellps=WGS84 +datum=WGS84 +units=m +no_defs no_defs"
		END
		METADATA
			"DESCRIPTION" "jardines"
#    ## ADAPTED TO MULTILINGUAL SHAPEFILE
#    "RESULT_FIELDS" "ISOCODE,@default:NAME_EN@de:NAME_DE@it:NAME_IT@fr:NAME_FR@br:NAME_BR@es:NAME_ES,@default:CAPITAL_EN@de:CAPITAL_DE@it:CAPITAL_IT@fr:CAPITAL_FR@br:CAPITAL_BR@es:CAPITAL_ES,AREA_KM2,POPULATION"
#    "RESULT_HEADERS" "ISO Code,Name,Capital,Area,Population"
			"ows_title" "Jardines"
		END  # Metadata 
		CLASS
			Name "Jardines"
			COLOR 200 254 199
			OUTLINECOLOR 0 0 0
		END  # Class
	END

	LAYER
		NAME "zonas"
		TYPE POLYGON
		STATUS ON
		DATA "ZONAS.shp"
		TEMPLATE void
		PROJECTION
			#"init=epsg:4326"
			"+proj=longlat +ellps=WGS84 +datum=WGS84 +units=m +no_defs no_defs"
		END
		METADATA
			"DESCRIPTION" "zonas"
#    ## ADAPTED TO MULTILINGUAL SHAPEFILE
#    "RESULT_FIELDS" "ISOCODE,@default:NAME_EN@de:NAME_DE@it:NAME_IT@fr:NAME_FR@br:NAME_BR@es:NAME_ES,@default:CAPITAL_EN@de:CAPITAL_DE@it:CAPITAL_IT@fr:CAPITAL_FR@br:CAPITAL_BR@es:CAPITAL_ES,AREA_KM2,POPULATION"
#    "RESULT_HEADERS" "ISO Code,Name,Capital,Area,Population"
			"ows_title" "Zonas"
		END  # Metadata 
		CLASS
			Name "Zonas"
			COLOR 0 80 0
			OUTLINECOLOR 0 0 0
		END  # Class
	END
	
	LAYER
		NAME "arboles"
		TYPE POINT
		STATUS ON
		DATA "ARBOLES.shp"
		TEMPLATE void
		PROJECTION
			#"init=epsg:4326"
			"+proj=longlat +ellps=WGS84 +datum=WGS84 +units=m +no_defs no_defs"
		END
		METADATA
			"DESCRIPTION" "arboles"
#    ## ADAPTED TO MULTILINGUAL SHAPEFILE
#    "RESULT_FIELDS" "ISOCODE,@default:NAME_EN@de:NAME_DE@it:NAME_IT@fr:NAME_FR@br:NAME_BR@es:NAME_ES,@default:CAPITAL_EN@de:CAPITAL_DE@it:CAPITAL_IT@fr:CAPITAL_FR@br:CAPITAL_BR@es:CAPITAL_ES,AREA_KM2,POPULATION"
#    "RESULT_HEADERS" "ISO Code,Name,Capital,Area,Population"
			"ows_title" "Árboles"
		END  # Metadata 
		CLASS
			Name "Árboles"
			COLOR 0 0 100
			OUTLINECOLOR 0 0 100
			SYMBOL 'circle' 
			SIZE 8
		END  # Class
	END
	
	LAYER
		NAME "palmeras"
		TYPE POINT
		STATUS ON
		DATA "PALMERAS.shp"
		TEMPLATE void
		PROJECTION
			#"init=epsg:4326"
			"+proj=longlat +ellps=WGS84 +datum=WGS84 +units=m +no_defs no_defs"
		END
		METADATA
			"DESCRIPTION" "Palmeras"
#    ## ADAPTED TO MULTILINGUAL SHAPEFILE
#    "RESULT_FIELDS" "ISOCODE,@default:NAME_EN@de:NAME_DE@it:NAME_IT@fr:NAME_FR@br:NAME_BR@es:NAME_ES,@default:CAPITAL_EN@de:CAPITAL_DE@it:CAPITAL_IT@fr:CAPITAL_FR@br:CAPITAL_BR@es:CAPITAL_ES,AREA_KM2,POPULATION"
#    "RESULT_HEADERS" "ISO Code,Name,Capital,Area,Population"
			"ows_title" "Palmeras"
		END  # Metadata 
		CLASS
			Name "Palmeras"
			COLOR 100 100 0
			OUTLINECOLOR 0 0 100
			SYMBOL 'square' 
			SIZE 8
		END  # Class
	END
	
	LAYER
		NAME "arbustos"
		TYPE POINT
		STATUS ON
		DATA "ARBUSTOS.shp"
		TEMPLATE void
		PROJECTION
			#"init=epsg:4326"
			"+proj=longlat +ellps=WGS84 +datum=WGS84 +units=m +no_defs no_defs"
		END
		METADATA
			"DESCRIPTION" "arbustos"
#    ## ADAPTED TO MULTILINGUAL SHAPEFILE
#    "RESULT_FIELDS" "ISOCODE,@default:NAME_EN@de:NAME_DE@it:NAME_IT@fr:NAME_FR@br:NAME_BR@es:NAME_ES,@default:CAPITAL_EN@de:CAPITAL_DE@it:CAPITAL_IT@fr:CAPITAL_FR@br:CAPITAL_BR@es:CAPITAL_ES,AREA_KM2,POPULATION"
#    "RESULT_HEADERS" "ISO Code,Name,Capital,Area,Population"
			"ows_title" "Arbustos"
		END  # Metadata 
		CLASS
			Name "Arbustos"
			COLOR 100 0 0
			OUTLINECOLOR 0 0 100
			SYMBOL 'square' 
			SIZE 8
		END  # Class
	END
	


 
##
## Start of Layer Countries.shp
##
#LAYER
#  NAME "countries"
#  TYPE polygon
#  DATA "countries"
#  TRANSPARENCY 30
#  TEMPLATE void
#  PROJECTION
#    #"init=epsg:4326"
#    "+proj=longlat +ellps=WGS84 +datum=WGS84 +no_defs  no_defs"
#  END
#  METADATA 
#    "DESCRIPTION" "Countries"
#    ## ADAPTED TO MULTILINGUAL SHAPEFILE
#    "RESULT_FIELDS" "ISOCODE,@default:NAME_EN@de:NAME_DE@it:NAME_IT@fr:NAME_FR@br:NAME_BR@es:NAME_ES,@default:CAPITAL_EN@de:CAPITAL_DE@it:CAPITAL_IT@fr:CAPITAL_FR@br:CAPITAL_BR@es:CAPITAL_ES,AREA_KM2,POPULATION"
#    "RESULT_HEADERS" "ISO Code,Name,Capital,Area,Population"
#    "ows_title"      "countries"
#  END  # Metadata 
#  CLASS
#    Name 'Countries'
#    COLOR 200 254 199
#    OUTLINECOLOR 0 0 0
#  END  # Class
#END  # Layer



#LAYER
#  NAME "cities10000eu" 
#  TYPE point
#  DATA "cities10000eu"
#  TOLERANCE 6
#  TOLERANCEUNITS pixels
#  LABELITEM "NAME"
#  LABELMAXSCALE 8000000
#  TEMPLATE void
#  PROJECTION
#    #"init=epsg:4326"
#    "+proj=longlat +ellps=WGS84 +datum=WGS84 +no_defs  no_defs"
#  END
#  METADATA 
#    "DESCRIPTION" "Cities"
#    "RESULT_FIELDS" "NAME, ISO2_CODE, POPULATION, GTOPO30"
#    "RESULT_HEADERS" "Name,Country,Inhabitants,Altitude"
#    "RESULT_HYPERLINK" "NAME"
#    "LAYER_ENCODING" "UTF-8"
#    "ows_title"      "cities1000"
#  END  # Metadata  
  
#  CLASS
#    NAME "> 1'000'000"
#    EXPRESSION ([POPULATION] > 1000000)
#    COLOR 255 0 0 
#    OUTLINECOLOR 0 0 0 
#    SYMBOL 'square' 
#    SIZE 9
#    LABEL
#      POSITION Auto
#      COLOR 0 0 150 
#      BUFFER 2
#      TYPE truetype
#      ENCODING "UTF-8"
#      FONT FreeSans
#      SIZE 8
#      MAXSIZE 9
#      #SIZE small
#    END #Label  
#  END  # Class
#  CLASS
#    NAME "500'000 - 1'000'000"
#    EXPRESSION ([POPULATION] <= 1000000 AND [POPULATION] > 500000)
#    COLOR 255 0 0
#    SYMBOL 'circle' 
#    SIZE 8
#    LABEL
#      POSITION Auto
#      COLOR 0 0 150 
#      BUFFER 2
#      TYPE truetype
#      ENCODING "UTF-8"
#      FONT FreeSans
#      SIZE 8
#      MAXSIZE 9
#      #SIZE small
#    END #Label  
#  END  # Class
#  CLASS
#    NAME "100'000 - 500'000"
#    EXPRESSION ([POPULATION] <= 500000 AND [POPULATION] > 100000)
#    COLOR 255 0 0
#    SYMBOL 'square' 
#    SIZE 5
#  END  # Class
#  CLASS
#    NAME "50'000 - 100'000"
#    EXPRESSION ([POPULATION] <= 100000 AND [POPULATION] > 50000)
#    COLOR 0 0 0
#    SYMBOL 'square' 
#    SIZE 4
#    #MAXSCALE 20000000
#  END  # Class
#  CLASS
#    NAME "10'000 - 50'000"
#    EXPRESSION ([POPULATION] <= 50000 AND [POPULATION] > 10000)
#    COLOR 100 100 100
#    SYMBOL 'circle' 
#    SIZE 3
#    #MAXSCALE 10000000
#  END  # Class
#
#END  # Layer


##
## Start of Layer Rivers.shp
##
#LAYER
#  NAME "rivers"
#  TYPE line
#  DATA "rivers"
#  TOLERANCE 3
#  TOLERANCEUNITS pixels
#  TEMPLATE void
#  PROJECTION
#    #"init=epsg:4326"
#    "+proj=longlat +ellps=WGS84 +datum=WGS84 +no_defs  no_defs"
#  END
#  METADATA 
#    "DESCRIPTION" "Rivers"
#    "RESULT_FIELDS" "NAME"
#    "RESULT_HEADERS" "Name"
#    "ows_title"      "cities"
#  END  # Metadata 
#  CLASS
#    Name 'Rivers'
#    COLOR 0 0 255
#  END  # Class
#END  # Layer




END
